apiVersion: monitoring.coreos.com/v1
kind: ServiceMonitor
metadata:
  annotations: {}
  labels:
    app.kubernetes.io/managed-by: commodore
    app.kubernetes.io/name: kyverno
    app.kubernetes.io/part-of: syn
    name: kyverno
  name: kyverno
  namespace: syn-kyverno
spec:
  endpoints:
    - port: metrics-port
  namespaceSelector:
    matchNames:
      - syn-kyverno
  selector:
    matchLabels:
      app.kubernetes.io/managed-by: commodore
      app.kubernetes.io/name: kyverno
      app.kubernetes.io/part-of: syn
