apiVersion: rbac.authorization.k8s.io/v1
kind: ClusterRole
metadata:
  labels:
    app: kyverno
    app.kubernetes.io/managed-by: commodore
    app.kubernetes.io/name: kyverno
    app.kubernetes.io/part-of: syn
  name: kyverno:webhook
  namespace: syn-kyverno
rules:
  - apiGroups:
      - '*'
    resources:
      - events
      - mutatingwebhookconfigurations
      - validatingwebhookconfigurations
      - certificatesigningrequests
      - certificatesigningrequests/approval
    verbs:
      - create
      - delete
      - get
      - list
      - patch
      - update
      - watch
  - apiGroups:
      - certificates.k8s.io
    resourceNames:
      - kubernetes.io/legacy-unknown
    resources:
      - certificatesigningrequests
      - certificatesigningrequests/approval
      - certificatesigningrequests/status
    verbs:
      - create
      - delete
      - get
      - update
      - watch
  - apiGroups:
      - certificates.k8s.io
    resourceNames:
      - kubernetes.io/legacy-unknown
    resources:
      - signers
    verbs:
      - approve
