apiVersion: v1
data:
  excludeGroupRole: system:serviceaccounts:kube-system,system:nodes,system:kube-scheduler
  generateSuccessEvents: 'false'
  resourceFilters: '[Event,*,*][*,kube-system,*][*,kube-public,*][*,kube-node-lease,*][Node,*,*][APIService,*,*][TokenReview,*,*][SubjectAccessReview,*,*][SelfSubjectAccessReview,*,*][*,kyverno,*][Binding,*,*][ReplicaSet,*,*][ReportChangeRequest,*,*][ClusterReportChangeRequest,*,*][PolicyReport,*,*][ClusterPolicyReport,*,*]'
kind: ConfigMap
metadata:
  labels:
    app: kyverno
  name: init-config
  namespace: syn-kyverno
