apiVersion: rbac.authorization.k8s.io/v1
kind: ClusterRoleBinding
metadata:
  labels:
    app: kyverno
  name: kyverno:webhook
  namespace: syn-kyverno
roleRef:
  apiGroup: rbac.authorization.k8s.io
  kind: ClusterRole
  name: kyverno:webhook
subjects:
  - kind: ServiceAccount
    name: kyverno-service-account
    namespace: syn-kyverno
