apiVersion: rbac.authorization.k8s.io/v1
kind: ClusterRole
metadata:
  labels:
    app: kyverno
    rbac.authorization.k8s.io/aggregate-to-admin: 'true'
  name: kyverno:admin-policies
  namespace: syn-kyverno
rules:
  - apiGroups:
      - kyverno.io
    resources:
      - policies
      - clusterpolicies
    verbs:
      - '*'
