apiVersion: policy/v1beta1
kind: PodDisruptionBudget
metadata:
  annotations: {}
  labels:
    name: kyverno
  name: kyverno
  namespace: syn-kyverno
spec:
  minAvailable: 1
  selector:
    matchLabels:
      app: kyverno
      app.kubernetes.io/name: kyverno
