apiVersion: v1
kind: Service
metadata:
  labels:
    app: kyverno
  name: kyverno-svc
  namespace: syn-kyverno
spec:
  ports:
    - name: https
      port: 443
      targetPort: https
  selector:
    app: kyverno
    app.kubernetes.io/name: kyverno
