apiVersion: v1
data: {}
kind: Secret
metadata:
  annotations: {}
  labels:
    name: myregistry
  name: myregistry
stringData:
  .dockerconfigjson: t-my-tenant/c-my-cluster/kyverno/image_pullsecret
type: kubernetes.io/dockerconfigjson
