apiVersion: monitoring.coreos.com/v1
kind: PrometheusRule
metadata:
  annotations: {}
  labels:
    app.kubernetes.io/managed-by: commodore
    app.kubernetes.io/name: kyverno
    app.kubernetes.io/part-of: syn
    name: kyverno-alerts
  name: kyverno-alerts
  namespace: syn-kyverno
spec:
  groups:
    - name: kyverno-alerts
      rules:
        - alert: KyvernoAdmissionLatencyReachedWebhookTimeout
          annotations:
            description: Kyverno admission latency for {{$labels.resouce_kind}}/{{$labels.resource_namespace}}
              higher than Kubernetes webhook timeout (10s).
            message: Kyverno admission latency higher than Kubernetes webhook timeout
              (10s).
            runbook_url: https://hub.syn.tools/kyverno/runbooks/KyvernoPodAdmissionReachedWebhookTimeout.html
            summary: Kyverno admission too slow.
          expr: "(\n  sum by(resource_kind, resource_namespace) (increase(kyverno_admission_review_duration_seconds_bucket{le=\"\
            +Inf\"}[5m]))\n-\n  sum by(resource_kind, resource_namespace) (increase(kyverno_admission_review_duration_seconds_bucket{le=\"\
            10\"}[5m]))\n) > 0\n"
          for: 5m
          labels:
            severity: warning
            syn: 'true'
            syn_component: kyverno
        - alert: KyvernoAverageAdmissionLatencyHigh
          annotations:
            description: Kyverno average admission latency for {{$labels.resouce_kind}}
              reached 5 seconds.
            message: Kyverno average admission latency for {{$labels.resouce_kind}}
              reached 5 seconds in the last 10 minutes.
            runbook_url: https://hub.syn.tools/kyverno/runbooks/KyvernoAverageAdmissionLatencyHigh.html
            summary: Kyverno admission is slowing down.
          expr: "(\n  sum by (job,resource_kind) (rate(kyverno_admission_review_duration_seconds_sum[5m]))\n\
            /\n  sum by (job,resource_kind) (rate(kyverno_admission_review_duration_seconds_count[5m]))\n\
            ) > 5\n"
          for: 10m
          labels:
            severity: warning
            syn: 'true'
            syn_component: kyverno
