apiVersion: v1
kind: Service
metadata:
  labels:
    app: kyverno
    app.kubernetes.io/component: kyverno
    app.kubernetes.io/instance: kyverno
    app.kubernetes.io/name: kyverno
    app.kubernetes.io/part-of: kyverno
    app.kubernetes.io/version: v1.7.4
  name: kyverno-svc-metrics
  namespace: syn-kyverno
spec:
  ports:
  - name: metrics-port
    port: 8000
    targetPort: metrics-port
  selector:
    app: kyverno
    app.kubernetes.io/name: kyverno
