apiVersion: kyverno.io/v1
kind: ClusterPolicy
metadata:
  annotations: {}
  labels:
    name: foo-test-5f124f8af545124
  name: foo-test-5f124f8af545124
spec:
  background: true
  mutateExistingOnPolicyUpdate: true
  rules:
    - match:
        any:
          - resources:
              kinds:
                - rbac.authorization.k8s.io/v1/ClusterRoleBinding
              names:
                - test
              namespaces:
                - foo
      mutate:
        patchStrategicMerge:
          metadata:
            annotations:
              patched: ''
        targets:
          - apiVersion: rbac.authorization.k8s.io/v1
            kind: ClusterRoleBinding
            name: test
            namespace: foo
      name: change-existing
    - match:
        any:
          - resources:
              kinds:
                - rbac.authorization.k8s.io/v1/ClusterRoleBinding
              names:
                - test
              namespaces:
                - foo
      mutate:
        patchStrategicMerge:
          metadata:
            annotations:
              patched: ''
        targets: []
      name: webhook
