apiVersion: v1
kind: Namespace
metadata:
  annotations:
    openshift.io/node-selector: node-role.kubernetes.io/master=
  labels:
    SYNMonitoring: main
    app.kubernetes.io/managed-by: commodore
    app.kubernetes.io/name: kyverno
    app.kubernetes.io/part-of: syn
    name: syn-kyverno
    network-policies.syn.tools/no-defaults: 'true'
    network-policies.syn.tools/purge-defaults: 'true'
  name: syn-kyverno
