apiVersion: rbac.authorization.k8s.io/v1
kind: ClusterRole
metadata:
  labels:
    app: kyverno
    app.kubernetes.io/managed-by: commodore
    app.kubernetes.io/name: kyverno
    app.kubernetes.io/part-of: syn
  name: kyverno:policies
  namespace: syn-kyverno
rules:
  - apiGroups:
      - kyverno.io
    resources:
      - policies
      - policies/status
      - clusterpolicies
      - clusterpolicies/status
      - generaterequests
      - generaterequests/status
      - reportchangerequests
      - reportchangerequests/status
      - clusterreportchangerequests
      - clusterreportchangerequests/status
    verbs:
      - create
      - delete
      - get
      - list
      - patch
      - update
      - watch
      - deletecollection
  - apiGroups:
      - wgpolicyk8s.io
    resources:
      - policyreports
      - policyreports/status
      - clusterpolicyreports
      - clusterpolicyreports/status
    verbs:
      - create
      - delete
      - get
      - list
      - patch
      - update
      - watch
      - deletecollection
