apiVersion: rbac.authorization.k8s.io/v1
kind: ClusterRole
metadata:
  labels:
    app: kyverno
    app.kubernetes.io/managed-by: commodore
    app.kubernetes.io/name: kyverno
    app.kubernetes.io/part-of: syn
  name: kyverno:events
  namespace: syn-kyverno
rules:
  - apiGroups:
      - '*'
    resources:
      - events
    verbs:
      - create
      - update
      - patch
      - delete
