apiVersion: rbac.authorization.k8s.io/v1
kind: RoleBinding
metadata:
  labels:
    app: kyverno
    app.kubernetes.io/managed-by: commodore
    app.kubernetes.io/name: kyverno
    app.kubernetes.io/part-of: syn
  name: kyverno:leaderelection
  namespace: syn-kyverno
roleRef:
  apiGroup: rbac.authorization.k8s.io
  kind: Role
  name: kyverno:leaderelection
subjects:
  - kind: ServiceAccount
    name: kyverno-service-account
    namespace: syn-kyverno
