apiVersion: v1
data:
  excludeGroupRole: system:serviceaccounts:kube-system,system:nodes,system:kube-scheduler
  generateSuccessEvents: "false"
  resourceFilters: |
    [Event,*,*] [*,kube-system,*] [*,kube-public,*] [*,kube-node-lease,*] [*,kyverno,*] [Node,*,*] [APIService,*,*] [TokenReview,*,*] [SubjectAccessReview,*,*] [SelfSubjectAccessReview,*,*] [*,kyverno,kyverno*] [Binding,*,*] [ReplicaSet,*,*] [AdmissionReport,*,*] [ClusterAdmissionReport,*,*] [BackgroundScanReport,*,*] [ClusterBackgroundScanReport,*,*] [PolicyReport,*,*] [ClusterPolicyReport,*,*]
  webhooks: '[{"namespaceSelector": {"matchExpressions": [{"key":"kubernetes.io/metadata.name","operator":"NotIn","values":["kyverno"]}]}}]'
kind: ConfigMap
metadata:
  labels:
    app: kyverno
    app.kubernetes.io/component: kyverno
    app.kubernetes.io/instance: kyverno
    app.kubernetes.io/name: kyverno
    app.kubernetes.io/part-of: kyverno
    app.kubernetes.io/version: v1.8.1
  name: kyverno
  namespace: syn-kyverno
