apiVersion: rbac.authorization.k8s.io/v1
kind: ClusterRoleBinding
metadata:
  labels:
    app: kyverno
    app.kubernetes.io/component: kyverno
    app.kubernetes.io/instance: kyverno
    app.kubernetes.io/name: kyverno
    app.kubernetes.io/part-of: kyverno
    app.kubernetes.io/version: v1.8.1
  name: kyverno
roleRef:
  apiGroup: rbac.authorization.k8s.io
  kind: ClusterRole
  name: kyverno
subjects:
- kind: ServiceAccount
  name: kyverno-service-account
  namespace: syn-kyverno
