apiVersion: v1
kind: ServiceAccount
metadata:
  labels:
    app: kyverno
    app.kubernetes.io/component: kyverno
    app.kubernetes.io/instance: kyverno
    app.kubernetes.io/name: kyverno
    app.kubernetes.io/part-of: kyverno
    app.kubernetes.io/version: v1.8.2
  name: kyverno-service-account
  namespace: syn-kyverno
